// Jest Snapshot v1, https://goo.gl/fbAQLP

exports[`Enzyme tests: App mount <BrowserRouter><App /></BrowserRouter> correctly 1`] = `ReactWrapper {}`;

exports[`Enzyme tests: App renders whole App.js correctly 1`] = `ShallowWrapper {}`;

exports[`Enzyme tests: App shallow <BrowserRouter><App /></BrowserRouter> correctly 1`] = `ShallowWrapper {}`;
